###############################################################################
#
# IAR ELF Linker V9.10.2.313/W64 for ARM                  10/Oct/2022  21:14:13
# Copyright 2007-2021 IAR Systems AB.
#
#    Output file  =
#        C:\Users\anton\OneDrive\Documentos\UTFPR\Disciplinas\Sistemas
#        Embarcados\elf74\atbk2000_elf74\Lab2\Debug\Exe\Lab2.out
#    Map file     =
#        C:\Users\anton\OneDrive\Documentos\UTFPR\Disciplinas\Sistemas
#        Embarcados\elf74\atbk2000_elf74\Lab2\Debug\List\Lab2.map
#    Command line =
#        -f "C:\Users\anton\OneDrive\Documentos\UTFPR\Disciplinas\Sistemas
#        Embarcados\elf74\atbk2000_elf74\Lab2\Debug\Exe\Lab2.out.rsp"
#        ("C:\Users\anton\OneDrive\Documentos\UTFPR\Disciplinas\Sistemas
#        Embarcados\elf74\atbk2000_elf74\Lab2\Debug\Obj\Source\blinky.o"
#        "C:\Users\anton\OneDrive\Documentos\UTFPR\Disciplinas\Sistemas
#        Embarcados\elf74\atbk2000_elf74\Lab2\Debug\Obj\Source\buttons.o"
#        "C:\Users\anton\OneDrive\Documentos\UTFPR\Disciplinas\Sistemas
#        Embarcados\elf74\TivaWare_C_Series-2.2.0.295\driverlib\ewarm\Exe\driverlib.a"
#        "C:\Users\anton\OneDrive\Documentos\UTFPR\Disciplinas\Sistemas
#        Embarcados\elf74\atbk2000_elf74\Lab2\Debug\Obj\Source\startup_ewarm.o"
#        "C:\Users\anton\OneDrive\Documentos\UTFPR\Disciplinas\Sistemas
#        Embarcados\elf74\atbk2000_elf74\Lab2\Debug\Obj\Source\timer.o"
#        --no_out_extension -o
#        "C:\Users\anton\OneDrive\Documentos\UTFPR\Disciplinas\Sistemas
#        Embarcados\elf74\atbk2000_elf74\Lab2\Debug\Exe\Lab2.out" --redirect
#        _Printf=_PrintfFullNoMb --redirect _Scanf=_ScanfFullNoMb --map
#        "C:\Users\anton\OneDrive\Documentos\UTFPR\Disciplinas\Sistemas
#        Embarcados\elf74\atbk2000_elf74\Lab2\Debug\List\Lab2.map" --config
#        "C:\Program Files\IAR Systems\Embedded Workbench
#        9.0\arm\config\linker\TexasInstruments\TM4C1294NC.icf" --semihosting
#        --entry __iar_program_start --vfe --text_out locale)
#
###############################################################################

*******************************************************************************
*** RUNTIME MODEL ATTRIBUTES
***

CppFlavor       = *
__SystemLibrary = DLib
__dlib_version  = 6


*******************************************************************************
*** HEAP SELECTION
***

The basic heap was selected because some modules are built with
size limitations (and not runtime checking), and --advanced_heap
was not specified.


*******************************************************************************
*** PLACEMENT SUMMARY
***

"A0":  place at address 0x0 { ro section .intvec };
"P1":  place in [from 0x0 to 0xf'ffff] { ro };
define block CSTACK with size = 32K, alignment = 8 { };
define block HEAP with size = 64K, alignment = 8 { };
"P2":  place in [from 0x2000'0000 to 0x2003'ffff] {
          rw, block CSTACK, block HEAP };
do not initialize { rw section .noinit };
initialize by copy { rw };

  Section            Kind         Address    Size  Object
  -------            ----         -------    ----  ------
"A0":                                       0x200
  .intvec            const            0x0   0x200  startup_ewarm.o [1]
                                  - 0x200   0x200

"P1":                                      0x28b0
  .text              ro code        0x200   0xf12  xprintffull_nomb.o [2]
  .text              ro code       0x1112    0x2a  copy_init3.o [5]
  .text              ro code       0x113c    0x16  strchr.o [5]
  .text              ro code       0x1154    0x40  xfail_s.o [2]
  .text              ro code       0x1194    0x36  strlen.o [5]
  .text              ro code       0x11cc    0x58  memchr.o [5]
  .text              ro code       0x1224    0x76  ABImemcpy_unaligned.o [5]
  .text              ro code       0x129c    0x70  frexp.o [4]
  .text              ro code       0x130c    0x34  DblCmpLe.o [4]
  .text              ro code       0x1340    0x34  DblCmpGe.o [4]
  .text              ro code       0x1374   0x13a  ldexp.o [4]
  .text              ro code       0x14b0    0x36  DblToS32.o [4]
  .text              ro code       0x14e8    0x22  S32ToDbl.o [4]
  .text              ro code       0x150c   0x24e  DblAddSub.o [4]
  .text              ro code       0x175c   0x246  DblDiv.o [4]
  .text              ro code       0x19a4    0x22  DblToU32.o [4]
  .text              ro code       0x19c8    0x1c  U32ToDbl.o [4]
  .text              ro code       0x19e4   0x1aa  DblMul.o [4]
  .text              ro code       0x1b90   0x230  I64DivMod.o [5]
  .text              ro code       0x1dc0     0x6  abort.o [2]
  .text              ro code       0x1dc8     0x2  I64DivZer.o [5]
  .text              ro code       0x1dcc    0x14  exit.o [6]
  .text              ro code       0x1de0    0x7c  iarttio.o [6]
  .text              ro code       0x1e5c     0x8  XShttio.o [2]
  .text              ro code       0x1e64   0x2a0  sysctl.o [3]
  .text              ro code       0x2104   0x1d8  gpio.o [3]
  .rodata            const         0x22dc   0x1b0  sysctl.o [3]
  .text              ro code       0x248c   0x130  blinky.o [1]
  .text              ro code       0x25bc    0xca  timer.o [1]
  .text              ro code       0x2688    0x88  interrupt.o [3]
  .text              ro code       0x2710    0xd0  buttons.o [1]
  .text              ro code       0x27e0    0x28  printf.o [2]
  .text              ro code       0x2808    0x10  cpu.o [3]
  .rodata            const         0x2818    0x6c  sysctl.o [3]
  .rodata            const         0x2884    0x38  blinky.o [1]
  .rodata            const         0x28bc    0x30  sysctl.o [3]
  .rodata            const         0x28ec    0x2c  blinky.o [1]
  .text              ro code       0x2918    0x28  data_init.o [5]
  .text              ro code       0x2940    0x22  fpinit_M.o [4]
  .text              ro code       0x2962    0x22  iarwrite.o [6]
  .iar.init_table    const         0x2984    0x14  - Linker created -
  .text              ro code       0x2998    0x20  putchar.o [2]
  .text              ro code       0x29b8    0x10  write.o [6]
  .text              ro code       0x29c8    0x1e  dwrite.o [6]
  .text              ro code       0x29e6    0x20  iarwstd.o [6]
  .text              ro code       0x2a08    0x1e  startup_ewarm.o [1]
  .text              ro code       0x2a28    0x1c  cstartup_M.o [5]
  .text              ro code       0x2a44    0x1e  cmain.o [5]
  .text              ro code       0x2a62     0x4  low_level_init.o [2]
  .text              ro code       0x2a66     0x4  exit.o [2]
  .text              ro code       0x2a6c     0xa  cexit.o [5]
  .text              ro code       0x2a76    0x16  xprout.o [2]
  Initializer bytes  const         0x2a8c    0x14  <for P2-1>
  .rodata            const         0x2aa0    0x10  blinky.o [1]
  .rodata            const         0x2ab0     0x0  copy_init3.o [5]
                                 - 0x2ab0  0x28b0

"P2", part 1 of 2:                           0x14
  P2-1                        0x2000'0000    0x14  <Init block>
    .data            inited   0x2000'0000     0x4  blinky.o [1]
    .data            inited   0x2000'0004     0x8  XShttio.o [2]
    .bss             inited   0x2000'000c     0x4  xfail_s.o [2]
    .data            inited   0x2000'0010     0x1  buttons.o [1]
    .bss             inited   0x2000'0011     0x1  blinky.o [1]
    .bss             inited   0x2000'0012     0x1  buttons.o [1]
    .bss             inited   0x2000'0013     0x1  buttons.o [1]
                            - 0x2000'0014    0x14

"P2", part 2 of 2:                          0x200
  .noinit            uninit   0x2000'0014   0x200  startup_ewarm.o [1]
                            - 0x2000'0214   0x200

Unused ranges:

         From           To      Size
         ----           --      ----
       0x2ab0     0xf'ffff  0xf'd550
  0x2000'0214  0x2003'ffff  0x3'fdec


*******************************************************************************
*** INIT TABLE
***

          Address      Size
          -------      ----
Copy (__iar_copy_init3)
    1 source range, total size 0x14:
               0x2a8c  0x14
    1 destination range, total size 0x14:
          0x2000'0000  0x14



*******************************************************************************
*** MODULE SUMMARY
***

    Module                 ro code  ro data  rw data
    ------                 -------  -------  -------
command line/config:
    ------------------------------------------------
    Total:

C:\Users\anton\OneDrive\Documentos\UTFPR\Disciplinas\Sistemas Embarcados\elf74\atbk2000_elf74\Lab2\Debug\Obj\Source: [1]
    blinky.o                   304      121        5
    buttons.o                  208        3        3
    startup_ewarm.o             30      512      512
    timer.o                    202
    ------------------------------------------------
    Total:                     744      636      520

dl7M_tln.a: [2]
    XShttio.o                    8        8        8
    abort.o                      6
    exit.o                       4
    low_level_init.o             4
    printf.o                    40
    putchar.o                   32
    xfail_s.o                   64        4        4
    xprintffull_nomb.o       3'858
    xprout.o                    22
    ------------------------------------------------
    Total:                   4'038       12       12

driverlib.a: [3]
    cpu.o                       16
    gpio.o                     472
    interrupt.o                136
    sysctl.o                   672      588
    ------------------------------------------------
    Total:                   1'296      588

m7M_tls.a: [4]
    DblAddSub.o                590
    DblCmpGe.o                  52
    DblCmpLe.o                  52
    DblDiv.o                   582
    DblMul.o                   426
    DblToS32.o                  54
    DblToU32.o                  34
    S32ToDbl.o                  34
    U32ToDbl.o                  28
    fpinit_M.o                  34
    frexp.o                    112
    ldexp.o                    314
    ------------------------------------------------
    Total:                   2'312

rt7M_tl.a: [5]
    ABImemcpy_unaligned.o      118
    I64DivMod.o                560
    I64DivZer.o                  2
    cexit.o                     10
    cmain.o                     30
    copy_init3.o                42
    cstartup_M.o                28
    data_init.o                 40
    memchr.o                    88
    strchr.o                    22
    strlen.o                    54
    ------------------------------------------------
    Total:                     994

shb_l.a: [6]
    dwrite.o                    30
    exit.o                      20
    iarttio.o                  124
    iarwrite.o                  34
    iarwstd.o                   32
    write.o                     16
    ------------------------------------------------
    Total:                     256

    Gaps                        32
    Linker created                       20
----------------------------------------------------
    Grand Total:             9'672    1'256      532


*******************************************************************************
*** ENTRY LIST
***

Entry                       Address   Size  Type      Object
-----                       -------   ----  ----      ------
.iar.init_table$$Base        0x2984          --   Gb  - Linker created -
.iar.init_table$$Limit       0x2998          --   Gb  - Linker created -
?main                        0x2a45         Code  Gb  cmain.o [5]
ButtonsInit                  0x27a1   0x2c  Code  Gb  buttons.o [1]
ButtonsPoll                  0x2711   0x90  Code  Gb  buttons.o [1]
ButtonsPoll::ui8SwitchClockA
                        0x2000'0012    0x1  Data  Lc  buttons.o [1]
ButtonsPoll::ui8SwitchClockB
                        0x2000'0013    0x1  Data  Lc  buttons.o [1]
CPUcpsid                     0x2809    0x8  Code  Gb  cpu.o [3]
CPUcpsie                     0x2811    0x8  Code  Gb  cpu.o [3]
FaultISR                     0x2a23    0x2  Code  Lc  startup_ewarm.o [1]
GPIODirModeSet               0x2105   0x28  Code  Gb  gpio.o [3]
GPIOPadConfigSet             0x212d  0x176  Code  Gb  gpio.o [3]
GPIOPinRead                  0x22a3    0x8  Code  Gb  gpio.o [3]
GPIOPinTypeGPIOOutput        0x22b3    0xa  Code  Gb  gpio.o [3]
GPIOPinWrite                 0x22ab    0x8  Code  Gb  gpio.o [3]
IntDefaultHandler            0x2a25    0x2  Code  Lc  startup_ewarm.o [1]
IntEnable                    0x26a1   0x52  Code  Gb  interrupt.o [3]
IntMasterDisable             0x2691    0x6  Code  Gb  interrupt.o [3]
IntMasterEnable              0x2689    0x8  Code  Gb  interrupt.o [3]
NmiSR                        0x2a21    0x2  Code  Lc  startup_ewarm.o [1]
Region$$Table$$Base          0x2984          --   Gb  - Linker created -
Region$$Table$$Limit         0x2998          --   Gb  - Linker created -
ResetISR                     0x2a09   0x14  Code  Gb  startup_ewarm.o [1]
SysCtlClockFreqSet           0x1ec7  0x1fc  Code  Gb  sysctl.o [3]
SysCtlPeripheralEnable       0x1ea9    0x8  Code  Gb  sysctl.o [3]
SysCtlPeripheralReady        0x1e87    0x8  Code  Gb  sysctl.o [3]
TimerConfigure               0x25d1   0x6c  Code  Gb  timer.o [1]
TimerEnable                  0x25bd   0x14  Code  Gb  timer.o [1]
TimerIntClear                0x2681    0x6  Code  Gb  timer.o [1]
TimerIntEnable               0x2673    0xe  Code  Gb  timer.o [1]
TimerLoadSet                 0x264d   0x16  Code  Gb  timer.o [1]
TimerValueGet                0x2663   0x10  Code  Gb  timer.o [1]
_LitobFullNoMb                0xf19  0x10c  Code  Lc  xprintffull_nomb.o [2]
_PrintfFullNoMb               0x201  0xcea  Code  Gb  xprintffull_nomb.o [2]
_Prout                       0x2a77   0x16  Code  Gb  xprout.o [2]
_PutcharFullNoMb             0x107d   0x20  Code  Lc  xprintffull_nomb.o [2]
_PutcharsFullNoMb            0x109d   0x2e  Code  Lc  xprintffull_nomb.o [2]
_SysCtlMemTimingGet          0x1e65   0x22  Code  Lc  sysctl.o [3]
__aeabi_cdcmple              0x130d         Code  Gb  DblCmpLe.o [4]
__aeabi_cdrcmple             0x1341         Code  Gb  DblCmpGe.o [4]
__aeabi_d2iz                 0x14b1         Code  Gb  DblToS32.o [4]
__aeabi_d2uiz                0x19a5         Code  Gb  DblToU32.o [4]
__aeabi_ddiv                 0x175d         Code  Gb  DblDiv.o [4]
__aeabi_dmul                 0x19e5         Code  Gb  DblMul.o [4]
__aeabi_dsub                 0x1679         Code  Gb  DblAddSub.o [4]
__aeabi_i2d                  0x14e9         Code  Gb  S32ToDbl.o [4]
__aeabi_ldiv0                0x1dc9         Code  Gb  I64DivZer.o [5]
__aeabi_ui2d                 0x19c9         Code  Gb  U32ToDbl.o [4]
__aeabi_uldivmod             0x1b91         Code  Gb  I64DivMod.o [5]
__cmain                      0x2a45         Code  Gb  cmain.o [5]
__dwrite                     0x29c9   0x1e  Code  Gb  dwrite.o [6]
__exit                       0x1dcd   0x14  Code  Gb  exit.o [6]
__iar_Fail_s                 0x1155   0x1c  Code  Gb  xfail_s.o [2]
__iar_Memchr                 0x11cd         Code  Gb  memchr.o [5]
__iar_Strchr                 0x113d         Code  Gb  strchr.o [5]
__iar_close_ttio             0x1de1   0x2c  Code  Gb  iarttio.o [6]
__iar_copy_init3             0x1113   0x2a  Code  Gb  copy_init3.o [5]
__iar_data_init3             0x2919   0x28  Code  Gb  data_init.o [5]
__iar_frexp                  0x12a9         Code  Gb  frexp.o [4]
__iar_frexpl                 0x12a9         Code  Gb  frexp.o [4]
__iar_get_ttio               0x1e0d   0x4c  Code  Gb  iarttio.o [6]
__iar_init_vfp               0x2941         Code  Gb  fpinit_M.o [4]
__iar_ldexp64                0x1375         Code  Gb  ldexp.o [4]
__iar_lookup_ttioh           0x1e5d    0x8  Code  Gb  XShttio.o [2]
__iar_program_start          0x2a29         Code  Gb  cstartup_M.o [5]
__iar_scalbln64              0x1375         Code  Gb  ldexp.o [4]
__iar_scalbn64               0x1375         Code  Gb  ldexp.o [4]
__iar_sh_stdout              0x29e7   0x20  Code  Gb  iarwstd.o [6]
__iar_sh_write               0x2963   0x22  Code  Gb  iarwrite.o [6]
__iar_softfp___iar_frexp64
                             0x129d         Code  Gb  frexp.o [4]
__iar_softfp_frexp           0x129d         Code  Gb  frexp.o [4]
__iar_softfp_frexpl          0x129d         Code  Gb  frexp.o [4]
__iar_ttio_handles      0x2000'0004    0x8  Data  Lc  XShttio.o [2]
__iar_unaligned_memcpy       0x1225         Code  Gb  ABImemcpy_unaligned.o [5]
__iar_unaligned_memcpy4
                             0x1245         Code  Gb  ABImemcpy_unaligned.o [5]
__iar_unaligned_memcpy8
                             0x1245         Code  Gb  ABImemcpy_unaligned.o [5]
__low_level_init             0x2a63    0x4  Code  Gb  low_level_init.o [2]
__vector_table                  0x0  0x200  Data  Gb  startup_ewarm.o [1]
__write                      0x29b9   0x10  Code  Gb  write.o [6]
_call_main                   0x2a51         Code  Gb  cmain.o [5]
_exit                        0x2a6d         Code  Gb  cexit.o [5]
abort                        0x1dc1    0x6  Code  Gb  abort.o [2]
clocksPorSegundo        0x2000'0000    0x4  Data  Gb  blinky.o [1]
exit                         0x2a67    0x4  Code  Gb  exit.o [2]
fimDeJogo               0x2000'0011    0x1  Data  Gb  blinky.o [1]
g_pppui32XTALtoVCO           0x22dc  0x1b0  Data  Lc  sysctl.o [3]
g_pui32EnRegs                0x26fc   0x14  Data  Lc  interrupt.o [3]
g_pui32VCOFrequencies        0x20fc    0x8  Data  Lc  sysctl.o [3]
g_pui32Xtals                 0x2818   0x6c  Data  Lc  sysctl.o [3]
g_sXTALtoMEMTIM              0x28bc   0x30  Data  Lc  sysctl.o [3]
g_ui8ButtonStates       0x2000'0010    0x1  Data  Lc  buttons.o [1]
handlerTemporizador          0x24a9   0x1a  Code  Gb  blinky.o [1]
ldexp                        0x1375         Code  Gb  ldexp.o [4]
ldexpl                       0x1375         Code  Gb  ldexp.o [4]
ledInit                      0x248d   0x1c  Code  Gb  blinky.o [1]
main                         0x2501   0x94  Code  Gb  blinky.o [1]
memchr                       0x11cd         Code  Gb  memchr.o [5]
printf                       0x27e1   0x28  Code  Gb  printf.o [2]
pui32Stack              0x2000'0014  0x200  Data  Lc  startup_ewarm.o [1]
putchar                      0x2999   0x20  Code  Gb  putchar.o [2]
scalbln                      0x1375         Code  Gb  ldexp.o [4]
scalblnl                     0x1375         Code  Gb  ldexp.o [4]
scalbn                       0x1375         Code  Gb  ldexp.o [4]
scalbnl                      0x1375         Code  Gb  ldexp.o [4]
scale                        0x1025   0x46  Code  Lc  xprintffull_nomb.o [2]
sec_hand                0x2000'000c    0x4  Data  Lc  xfail_s.o [2]
strchr                       0x113d         Code  Gb  strchr.o [5]
strlen                       0x1195         Code  Gb  strlen.o [5]
temporizadorInit             0x24c3   0x3e  Code  Gb  blinky.o [1]


[1] = C:\Users\anton\OneDrive\Documentos\UTFPR\Disciplinas\Sistemas Embarcados\elf74\atbk2000_elf74\Lab2\Debug\Obj\Source
[2] = dl7M_tln.a
[3] = driverlib.a
[4] = m7M_tls.a
[5] = rt7M_tl.a
[6] = shb_l.a

  9'672 bytes of readonly  code memory
  1'256 bytes of readonly  data memory
    532 bytes of readwrite data memory

Errors: none
Warnings: none
